20250628-00:55:53.156000 00000A58 - ERROR: ServiceMain() Invalid session
20250628-00:55:53.176000 00001318 - ERROR: ServiceMain() Invalid session
20250628-22:32:42.328000 000014D8 - ERROR: ServiceMain() Invalid session
20250629-19:20:37.970000 00001864 - ERROR: ServiceMain() Invalid session
20250630-20:48:27.333000 00001724 - ERROR: ServiceMain() Invalid session
20250630-20:48:27.363000 00001750 - ERROR: ServiceMain() Invalid session
20250630-20:48:27.382000 00001754 - ERROR: ServiceMain() Invalid session
20250630-20:48:27.454000 00001774 - ERROR: ServiceMain() Invalid session
20250701-19:13:50.835000 000014B4 - ERROR: ServiceMain() Invalid session
20250701-19:13:50.835000 000014B8 - ERROR: ServiceMain() Invalid session
20250702-19:57:47.084000 000016FC - ERROR: ServiceMain() Invalid session
20250703-22:31:02.056000 000016D8 - ERROR: ServiceMain() Invalid session
20250703-22:31:02.016000 000016C8 - ERROR: ServiceMain() Invalid session
20250704-18:33:43.422000 0000176C - ERROR: ServiceMain() Invalid session
20250705-21:13:52.247000 00001804 - ERROR: ServiceMain() Invalid session
20250706-18:17:12.228000 0000195C - ERROR: ServiceMain() Invalid session
20250706-18:17:12.288000 00001964 - ERROR: ServiceMain() Invalid session
20250706-18:17:12.298000 00001968 - ERROR: ServiceMain() Invalid session
20250707-18:12:35.700000 00001840 - ERROR: ServiceMain() Invalid session
20250708-18:56:36.850000 0000173C - ERROR: ServiceMain() Invalid session
20250708-18:56:36.971000 00001770 - ERROR: ServiceMain() Invalid session
20250708-18:56:37.021000 00001780 - ERROR: ServiceMain() Invalid session
20250709-19:08:12.469000 00001554 - ERROR: ServiceMain() Invalid session
20250710-20:06:34.340000 000017A0 - ERROR: ServiceMain() Invalid session
20250711-22:14:48.922000 00001444 - ERROR: ServiceMain() Invalid session
20250712-11:55:30.264000 0000162C - ERROR: ServiceMain() Invalid session
20250712-11:59:06.348000 000016BC - ERROR: ServiceMain() Invalid session
20250712-11:59:06.348000 000016C0 - ERROR: ServiceMain() Invalid session
20250712-11:59:06.348000 000016C4 - ERROR: ServiceMain() Invalid session
20250713-13:01:32.957000 0000189C - ERROR: ServiceMain() Invalid session
20250714-18:34:23.412000 0000170C - ERROR: ServiceMain() Invalid session
20250714-18:34:23.412000 00001718 - ERROR: ServiceMain() Invalid session
20250716-18:33:48.405000 000017F4 - ERROR: ServiceMain() Invalid session
20250717-18:51:36.827000 000017D8 - ERROR: ServiceMain() Invalid session
20250717-18:51:36.837000 000017DC - ERROR: ServiceMain() Invalid session
20250718-21:09:25.772000 00001834 - ERROR: ServiceMain() Invalid session
20250719-11:46:54.157000 00000A7C - ERROR: ServiceMain() Invalid session
20250719-11:46:54.137000 000017F8 - ERROR: ServiceMain() Invalid session
20250720-13:22:12.800000 00001E68 - ERROR: ServiceMain() Invalid session
20250720-13:22:12.816000 00001E70 - ERROR: ServiceMain() Invalid session
20250720-13:22:13.394000 00001EA0 - ERROR: ServiceMain() Invalid session
20250721-18:40:48.538000 00001ADC - ERROR: ServiceMain() Invalid session
20250722-20:07:27.192000 00001A2C - ERROR: ServiceMain() Invalid session
20250723-18:38:14.238000 0000190C - ERROR: ServiceMain() Invalid session
20250723-18:38:14.254000 00001914 - ERROR: ServiceMain() Invalid session
20250723-18:38:14.238000 00001910 - ERROR: ServiceMain() Invalid session
20250724-20:41:23.197000 000016F4 - ERROR: ServiceMain() Invalid session
20250725-12:35:33.829000 00000948 - ERROR: ServiceMain() Invalid session
20250726-21:22:31.970000 0000163C - ERROR: ServiceMain() Invalid session
20250726-21:22:31.970000 000016D0 - ERROR: ServiceMain() Invalid session
20250727-20:58:20.309000 000019DC - ERROR: ServiceMain() Invalid session
20250728-10:14:47.117000 000018E0 - ERROR: ServiceMain() Invalid session
20250729-11:20:32.074000 00001A14 - ERROR: ServiceMain() Invalid session
20250729-11:20:32.074000 00001A20 - ERROR: ServiceMain() Invalid session
20250730-10:25:01.100000 00001A80 - ERROR: ServiceMain() Invalid session
20250730-10:25:01.100000 00001A90 - ERROR: ServiceMain() Invalid session
20250731-12:41:21.910000 00001AA8 - ERROR: ServiceMain() Invalid session
20250801-16:24:11.366000 00001AA8 - ERROR: ServiceMain() Invalid session
20250801-16:24:11.366000 00001AB0 - ERROR: ServiceMain() Invalid session
20250802-12:20:19.394000 0000177C - ERROR: ServiceMain() Invalid session
20250803-10:53:32.327000 00001788 - ERROR: ServiceMain() Invalid session
20250803-10:53:32.327000 00001790 - ERROR: ServiceMain() Invalid session
20250804-10:41:28.079000 000018A8 - ERROR: ServiceMain() Invalid session
20250805-12:04:28.334000 00001788 - ERROR: ServiceMain() Invalid session
20250805-12:04:28.334000 00001790 - ERROR: ServiceMain() Invalid session
20250806-02:34:39.922000 000018B0 - ERROR: ServiceMain() Invalid session
20250806-10:40:26.416000 000015CC - ERROR: ServiceMain() Invalid session
20250806-11:50:02.487000 00001554 - ERROR: ServiceMain() Invalid session
20250806-11:50:02.503000 00001568 - ERROR: ServiceMain() Invalid session
20250806-12:03:01.012000 000017C8 - ERROR: ServiceMain() Invalid session
20250806-14:51:42.233000 000014A4 - ERROR: ServiceMain() Invalid session
20250806-14:51:42.233000 000014AC - ERROR: ServiceMain() Invalid session
20250807-19:08:46.169000 0000195C - ERROR: ServiceMain() Invalid session
20250808-21:47:36.600000 00001664 - ERROR: ServiceMain() Invalid session
20250808-21:47:36.600000 00001668 - ERROR: ServiceMain() Invalid session
20250808-21:47:36.609000 00001670 - ERROR: ServiceMain() Invalid session
20250809-11:06:33.866000 000017D0 - ERROR: ServiceMain() Invalid session
20250809-11:06:33.866000 000017D8 - ERROR: ServiceMain() Invalid session
20250809-11:06:33.866000 000017DC - ERROR: ServiceMain() Invalid session
20250810-10:26:11.813000 00001700 - ERROR: ServiceMain() Invalid session
20250810-10:26:11.813000 0000170C - ERROR: ServiceMain() Invalid session
20250811-19:29:36.966000 00001648 - ERROR: ServiceMain() Invalid session
20250812-18:34:57.601000 0000162C - ERROR: ServiceMain() Invalid session
20250813-19:25:32.188000 000018A0 - ERROR: ServiceMain() Invalid session
20250814-21:31:31.519000 00001804 - ERROR: ServiceMain() Invalid session
20250815-19:48:25.502000 00000D5C - ERROR: ServiceMain() Invalid session
20250815-19:48:25.502000 000011EC - ERROR: ServiceMain() Invalid session
20250816-02:09:13.523000 00001560 - ERROR: ServiceMain() Invalid session
20250816-02:09:13.524000 00001568 - ERROR: ServiceMain() Invalid session
20250816-02:09:13.524000 00001570 - ERROR: ServiceMain() Invalid session
20250816-02:12:05.760000 000018E8 - ERROR: ServiceMain() Invalid session
20250816-14:31:23.082000 00001530 - ERROR: ServiceMain() Invalid session
20250816-14:31:23.082000 00001538 - ERROR: ServiceMain() Invalid session
20250816-14:31:23.082000 00001534 - ERROR: ServiceMain() Invalid session
20250817-11:42:47.996000 00001844 - ERROR: ServiceMain() Invalid session
20250817-11:42:48.027000 00001868 - ERROR: ServiceMain() Invalid session
20250817-11:42:48.007000 00001848 - ERROR: ServiceMain() Invalid session
20250817-11:42:48.017000 00001864 - ERROR: ServiceMain() Invalid session
20250818-19:13:46.665000 0000122C - ERROR: ServiceMain() Invalid session
20250818-19:13:46.665000 0000123C - ERROR: ServiceMain() Invalid session
20250818-19:13:46.665000 00001238 - ERROR: ServiceMain() Invalid session
20250819-22:10:44.141000 00001774 - ERROR: ServiceMain() Invalid session
20250820-20:13:11.167000 00001A0C - ERROR: ServiceMain() Invalid session
20250821-19:15:36.782000 000018D4 - ERROR: ServiceMain() Invalid session
20250822-18:51:44.062000 000019BC - ERROR: ServiceMain() Invalid session
20250822-18:51:44.062000 000019C0 - ERROR: ServiceMain() Invalid session
20250822-18:51:44.062000 000019C4 - ERROR: ServiceMain() Invalid session
20250823-10:25:08.483000 0000163C - ERROR: ServiceMain() Invalid session
20250824-07:09:03.008000 0000174C - ERROR: ServiceMain() Invalid session
20250824-07:09:03.018000 00001750 - ERROR: ServiceMain() Invalid session
20250824-07:09:03.018000 00001754 - ERROR: ServiceMain() Invalid session
20250824-07:09:03.018000 00001758 - ERROR: ServiceMain() Invalid session
20250824-07:09:03.019000 0000175C - ERROR: ServiceMain() Invalid session
20250830-17:15:30.393000 000018D4 - ERROR: ServiceMain() Invalid session
20250831-11:39:58.622000 000017F8 - ERROR: ServiceMain() Invalid session
20250831-18:14:20.641000 000016C0 - ERROR: ServiceMain() Invalid session
20250831-18:14:20.651000 000016D0 - ERROR: ServiceMain() Invalid session
20250901-10:09:03.266000 000019D0 - ERROR: ServiceMain() Invalid session
20250902-07:39:37.802000 00001728 - ERROR: ServiceMain() Invalid session
20250903-08:36:43.774000 00001880 - ERROR: ServiceMain() Invalid session
20250904-08:40:45.301000 000015BC - ERROR: ServiceMain() Invalid session
20250904-10:10:56.561000 000017E0 - ERROR: ServiceMain() Invalid session
20250904-10:10:56.561000 000017E4 - ERROR: ServiceMain() Invalid session
20250904-10:10:56.577000 000017EC - ERROR: ServiceMain() Invalid session
20250904-16:32:30.914000 000016B0 - ERROR: ServiceMain() Invalid session
20250905-15:41:20.439000 00001460 - ERROR: ServiceMain() Invalid session
20250906-20:18:37.917000 0000163C - ERROR: ServiceMain() Invalid session
20250907-11:27:42.659000 00001838 - ERROR: ServiceMain() Invalid session
20250908-08:11:30.541000 000014D4 - ERROR: ServiceMain() Invalid session
20250908-19:00:00.015000 000018B8 - ERROR: ServiceMain() Invalid session
20250909-13:58:12.420000 000014A4 - ERROR: ServiceMain() Invalid session
20250909-13:58:12.430000 000014A8 - ERROR: ServiceMain() Invalid session
20250909-13:58:12.500000 0000151C - ERROR: ServiceMain() Invalid session
20250909-13:58:12.500000 00001518 - ERROR: ServiceMain() Invalid session
20250910-10:34:12.072000 0000179C - ERROR: ServiceMain() Invalid session
20250911-15:54:42.151000 0000175C - ERROR: ServiceMain() Invalid session
20250912-15:26:42.280000 00001668 - ERROR: ServiceMain() Invalid session
20250913-11:36:35.897000 000015C0 - ERROR: ServiceMain() Invalid session
20250913-11:36:35.998000 00001634 - ERROR: ServiceMain() Invalid session
20250913-17:41:46.077000 000016E8 - ERROR: ServiceMain() Invalid session
20250913-17:41:46.077000 000016EC - ERROR: ServiceMain() Invalid session
20250913-17:41:46.077000 000016F0 - ERROR: ServiceMain() Invalid session
20250913-17:44:44.153000 00001940 - ERROR: ServiceMain() Invalid session
20250913-17:44:44.153000 00001950 - ERROR: ServiceMain() Invalid session
20250914-13:12:47.460000 00001950 - ERROR: ServiceMain() Invalid session
20250914-13:12:47.460000 00001958 - ERROR: ServiceMain() Invalid session
20250914-13:12:47.460000 00001954 - ERROR: ServiceMain() Invalid session
20250915-19:04:12.259000 00001B38 - ERROR: ServiceMain() Invalid session
20250916-13:58:31.551000 0000185C - ERROR: ServiceMain() Invalid session
20250916-13:58:31.551000 00001860 - ERROR: ServiceMain() Invalid session
20250916-13:58:31.567000 00001858 - ERROR: ServiceMain() Invalid session
20250917-12:19:04.728000 00001BB0 - ERROR: ServiceMain() Invalid session
20250918-08:18:59.460000 00001900 - ERROR: ServiceMain() Invalid session
20250918-15:07:02.937000 00001690 - ERROR: ServiceMain() Invalid session
20250919-16:24:53.000000 000018F4 - ERROR: ServiceMain() Invalid session
20250919-16:24:53.016000 00001904 - ERROR: ServiceMain() Invalid session
20250920-13:16:15.684000 000017E8 - ERROR: ServiceMain() Invalid session
20250920-13:16:15.699000 00001208 - ERROR: ServiceMain() Invalid session
20250921-10:45:18.510000 000017B4 - ERROR: ServiceMain() Invalid session
20250922-09:15:39.529000 00001BA0 - ERROR: ServiceMain() Invalid session
20250922-09:15:39.529000 00001BAC - ERROR: ServiceMain() Invalid session
20250922-18:45:09.562000 00001660 - ERROR: ServiceMain() Invalid session
20250922-18:45:09.562000 00001668 - ERROR: ServiceMain() Invalid session
20250923-15:41:08.104000 0000175C - ERROR: ServiceMain() Invalid session
20250923-15:41:08.120000 00001780 - ERROR: ServiceMain() Invalid session
20250923-15:41:08.104000 00001768 - ERROR: ServiceMain() Invalid session
20250923-15:41:08.127000 0000178C - ERROR: ServiceMain() Invalid session
20250924-15:51:13.409000 00000EA4 - ERROR: ServiceMain() Invalid session
20250925-08:44:54.903000 00001624 - ERROR: ServiceMain() Invalid session
20250925-08:44:54.944000 00001634 - ERROR: ServiceMain() Invalid session
20250925-08:44:55.065000 00001650 - ERROR: ServiceMain() Invalid session
20250925-08:44:55.065000 0000167C - ERROR: ServiceMain() Invalid session
20250925-17:50:07.755000 0000183C - ERROR: ServiceMain() Invalid session
20250926-20:23:16.090000 00001794 - ERROR: ServiceMain() Invalid session
20250927-21:48:43.083000 00001670 - ERROR: ServiceMain() Invalid session
20250928-14:32:39.950000 00001304 - ERROR: ServiceMain() Invalid session
20250929-16:30:14.859000 00001950 - ERROR: ServiceMain() Invalid session
20250930-11:04:53.384000 00001A1C - ERROR: ServiceMain() Invalid session
20250930-11:04:53.384000 00001A20 - ERROR: ServiceMain() Invalid session
20250930-11:04:53.399000 00001A2C - ERROR: ServiceMain() Invalid session
20251001-08:49:00.398000 000017E8 - ERROR: ServiceMain() Invalid session
20251002-12:12:33.162000 0000192C - ERROR: ServiceMain() Invalid session
20251002-12:12:33.162000 00001930 - ERROR: ServiceMain() Invalid session
20251002-12:12:33.162000 00001938 - ERROR: ServiceMain() Invalid session
20251003-19:32:37.266000 000016E0 - ERROR: ServiceMain() Invalid session
20251003-19:32:37.316000 00001714 - ERROR: ServiceMain() Invalid session
20251003-19:32:37.386000 00001758 - ERROR: ServiceMain() Invalid session
20251003-19:32:37.417000 00001728 - ERROR: ServiceMain() Invalid session
20251004-15:53:18.819000 000016B0 - ERROR: ServiceMain() Invalid session
20251004-15:53:18.839000 000016B8 - ERROR: ServiceMain() Invalid session
20251004-15:53:18.859000 000016C8 - ERROR: ServiceMain() Invalid session
20251004-15:53:18.869000 000016CC - ERROR: ServiceMain() Invalid session
20251005-15:11:45.426000 0000137C - ERROR: ServiceMain() Invalid session
20251005-15:11:45.426000 0000138C - ERROR: ServiceMain() Invalid session
20251005-15:11:45.426000 00001380 - ERROR: ServiceMain() Invalid session
20251006-07:51:18.070000 00001960 - ERROR: ServiceMain() Invalid session
20251006-07:51:18.070000 00001974 - ERROR: ServiceMain() Invalid session
20251006-07:51:18.070000 0000197C - ERROR: ServiceMain() Invalid session
20251006-07:51:18.070000 00001978 - ERROR: ServiceMain() Invalid session
20251006-19:14:27.240000 000003F4 - ERROR: ServiceMain() Invalid session
20251007-15:11:43.037000 00002030 - ERROR: ServiceMain() Invalid session
20251007-15:11:43.037000 00002034 - ERROR: ServiceMain() Invalid session
20251007-15:11:43.053000 0000204C - ERROR: ServiceMain() Invalid session
20251008-15:52:04.625000 000016F8 - ERROR: ServiceMain() Invalid session
20251009-08:59:50.182000 000019EC - ERROR: ServiceMain() Invalid session
20251009-08:59:50.182000 000019F4 - ERROR: ServiceMain() Invalid session
20251009-08:59:50.182000 000019F0 - ERROR: ServiceMain() Invalid session
20251009-13:46:07.002000 00001804 - ERROR: ServiceMain() Invalid session
20251010-18:47:22.965000 00001740 - ERROR: ServiceMain() Invalid session
20251011-11:58:12.343000 000018F0 - ERROR: ServiceMain() Invalid session
20251011-11:58:12.343000 000018EC - ERROR: ServiceMain() Invalid session
20251011-11:58:12.323000 000018E8 - ERROR: ServiceMain() Invalid session
20251012-12:29:51.104000 000010AC - ERROR: ServiceMain() Invalid session
20251012-12:29:51.104000 00001440 - ERROR: ServiceMain() Invalid session
20251012-12:29:51.104000 00001444 - ERROR: ServiceMain() Invalid session
20251012-12:29:51.104000 000010A8 - ERROR: ServiceMain() Invalid session
20251013-18:36:28.767000 000018E4 - ERROR: ServiceMain() Invalid session
20251014-15:49:34.224000 0000191C - ERROR: ServiceMain() Invalid session
20251015-12:14:06.047000 00001670 - ERROR: ServiceMain() Invalid session
20251016-11:06:37.650000 000014B0 - ERROR: ServiceMain() Invalid session
20251016-11:06:37.650000 000014B4 - ERROR: ServiceMain() Invalid session
20251016-19:07:36.522000 0000174C - ERROR: ServiceMain() Invalid session
20251017-19:10:22.762000 00001608 - ERROR: ServiceMain() Invalid session
20251018-19:48:26.440000 000015F8 - ERROR: ServiceMain() Invalid session
20251018-19:48:26.456000 00001604 - ERROR: ServiceMain() Invalid session
20251019-14:29:16.449000 00001874 - ERROR: ServiceMain() Invalid session
20251019-14:29:16.449000 00001880 - ERROR: ServiceMain() Invalid session
20251019-21:16:38.332000 0000163C - ERROR: ServiceMain() Invalid session
20251019-21:20:07.301000 0000129C - ERROR: ServiceMain() Invalid session
20251019-21:20:07.301000 00001298 - ERROR: ServiceMain() Invalid session
20251019-21:20:07.301000 00001294 - ERROR: ServiceMain() Invalid session
20251019-21:20:07.301000 00001238 - ERROR: ServiceMain() Invalid session
20251020-09:41:59.121000 00001B78 - ERROR: ServiceMain() Invalid session
20251020-09:41:59.121000 00001B74 - ERROR: ServiceMain() Invalid session
20251020-09:41:59.136000 00001B88 - ERROR: ServiceMain() Invalid session
20251020-19:07:01.820000 00001B54 - ERROR: ServiceMain() Invalid session
20251020-19:07:01.835000 00001B68 - ERROR: ServiceMain() Invalid session
20251021-18:07:17.614000 00001BAC - ERROR: ServiceMain() Invalid session
20251022-11:55:45.694000 00001088 - ERROR: ServiceMain() Invalid session
20251022-11:55:45.694000 00001550 - ERROR: ServiceMain() Invalid session
20251023-11:00:23.841000 000014D8 - ERROR: ServiceMain() Invalid session
20251024-18:23:52.934000 0000163C - ERROR: ServiceMain() Invalid session
20251024-18:23:52.985000 00001648 - ERROR: ServiceMain() Invalid session
20251024-18:23:53.065000 0000166C - ERROR: ServiceMain() Invalid session
20251025-12:08:21.112000 000018FC - ERROR: ServiceMain() Invalid session
20251025-12:08:21.112000 00001900 - ERROR: ServiceMain() Invalid session
20251025-12:08:21.112000 000018F8 - ERROR: ServiceMain() Invalid session
20251026-13:34:17.103000 0000198C - ERROR: ServiceMain() Invalid session
20251027-19:06:45.568000 000017F8 - ERROR: ServiceMain() Invalid session
20251028-15:47:35.691000 00001848 - ERROR: ServiceMain() Invalid session
20251029-12:13:46.353000 000017F4 - ERROR: ServiceMain() Invalid session
20251030-09:31:07.045000 00001844 - ERROR: ServiceMain() Invalid session
20251030-09:31:07.045000 00001848 - ERROR: ServiceMain() Invalid session
20251030-18:26:43.633000 00001AB4 - ERROR: ServiceMain() Invalid session
20251030-18:26:43.633000 00001AC4 - ERROR: ServiceMain() Invalid session
20251030-18:26:43.633000 00001ACC - ERROR: ServiceMain() Invalid session
20251031-18:37:05.617000 0000114C - ERROR: ServiceMain() Invalid session
20251101-14:37:40.798000 0000180C - ERROR: ServiceMain() Invalid session
20251102-11:05:21.218000 00001978 - ERROR: ServiceMain() Invalid session
20251102-18:35:49.317000 00001B7C - ERROR: ServiceMain() Invalid session
20251103-11:41:42.163000 000019FC - ERROR: ServiceMain() Invalid session
20251104-10:05:06.714000 000018C0 - ERROR: ServiceMain() Invalid session
20251104-10:05:06.730000 000018D0 - ERROR: ServiceMain() Invalid session
20251105-12:01:43.553000 00001A74 - ERROR: ServiceMain() Invalid session
20251105-12:01:43.537000 00001A6C - ERROR: ServiceMain() Invalid session
20251105-23:06:40.217000 000012EC - ERROR: ServiceMain() Invalid session
20251106-09:05:38.499000 000016B4 - ERROR: ServiceMain() Invalid session
20251107-18:15:52.607000 000015E8 - ERROR: ServiceMain() Invalid session
20251108-21:54:40.506000 00001768 - ERROR: ServiceMain() Invalid session
20251108-21:54:40.506000 0000176C - ERROR: ServiceMain() Invalid session
20251108-21:54:40.506000 00001770 - ERROR: ServiceMain() Invalid session
20251108-21:54:40.506000 00001774 - ERROR: ServiceMain() Invalid session
20251108-21:54:40.506000 00001778 - ERROR: ServiceMain() Invalid session
20251109-10:10:56.795000 000018F4 - ERROR: ServiceMain() Invalid session
20251109-10:10:56.795000 00001904 - ERROR: ServiceMain() Invalid session
20251109-10:10:56.795000 000018F8 - ERROR: ServiceMain() Invalid session
20251109-10:10:56.795000 00001908 - ERROR: ServiceMain() Invalid session
20251110-19:57:15.594000 00001480 - ERROR: ServiceMain() Invalid session
20251111-14:35:48.196000 00001A20 - ERROR: ServiceMain() Invalid session
20251112-11:56:23.085000 00001988 - ERROR: ServiceMain() Invalid session
20251113-10:21:46.892000 000017CC - ERROR: ServiceMain() Invalid session
20251113-18:35:13.131000 00001804 - ERROR: ServiceMain() Invalid session
20251113-18:35:13.131000 00001364 - ERROR: ServiceMain() Invalid session
20251114-18:44:23.711000 00001498 - ERROR: ServiceMain() Invalid session
20251114-18:44:23.712000 000014A0 - ERROR: ServiceMain() Invalid session
20251114-18:44:23.641000 0000142C - ERROR: ServiceMain() Invalid session
20251114-18:44:23.650000 00001424 - ERROR: ServiceMain() Invalid session
20251115-13:33:33.383000 0000171C - ERROR: ServiceMain() Invalid session
20251115-13:33:33.392000 00001724 - ERROR: ServiceMain() Invalid session
20251116-12:53:59.615000 000018D8 - ERROR: ServiceMain() Invalid session
20251117-07:37:30.395000 00001A0C - ERROR: ServiceMain() Invalid session
20251118-13:52:18.858000 00001680 - ERROR: ServiceMain() Invalid session
20251118-13:52:18.859000 00001684 - ERROR: ServiceMain() Invalid session
20251119-11:59:44.627000 00001610 - ERROR: ServiceMain() Invalid session
20251120-09:03:18.476000 000016A4 - ERROR: ServiceMain() Invalid session
20251120-09:03:18.476000 00001678 - ERROR: ServiceMain() Invalid session
20251120-09:03:18.476000 0000095C - ERROR: ServiceMain() Invalid session
20251120-18:27:15.451000 00001778 - ERROR: ServiceMain() Invalid session
20251121-13:44:50.192000 000013D8 - ERROR: ServiceMain() Invalid session
20251121-19:14:35.152000 00001778 - ERROR: ServiceMain() Invalid session
20251122-13:06:30.030000 00001BC8 - ERROR: ServiceMain() Invalid session
20251123-11:20:16.898000 00001A88 - ERROR: ServiceMain() Invalid session
20251124-13:13:38.727000 00001B20 - ERROR: ServiceMain() Invalid session
20251124-18:53:27.535000 00001358 - ERROR: ServiceMain() Invalid session
20251125-15:08:50.810000 000018BC - ERROR: ServiceMain() Invalid session
20251126-13:41:19.800000 0000045C - ERROR: ServiceMain() Invalid session
20251127-08:54:57.776000 00001510 - ERROR: ServiceMain() Invalid session
20251127-08:54:57.705000 000014F0 - ERROR: ServiceMain() Invalid session
20251127-18:11:18.579000 0000156C - ERROR: ServiceMain() Invalid session
20251128-15:57:33.041000 00001720 - ERROR: ServiceMain() Invalid session
20251128-15:57:33.092000 00001744 - ERROR: ServiceMain() Invalid session
20251129-17:05:29.360000 00001A7C - ERROR: ServiceMain() Invalid session
20251129-17:05:29.401000 00001A94 - ERROR: ServiceMain() Invalid session
20251129-17:05:29.441000 00001AB4 - ERROR: ServiceMain() Invalid session
20251129-17:05:29.480000 00001ABC - ERROR: ServiceMain() Invalid session
20251129-17:05:29.480000 00001AC0 - ERROR: ServiceMain() Invalid session
20251130-12:57:59.576000 000017E4 - ERROR: ServiceMain() Invalid session
20251201-08:16:32.262000 000017C0 - ERROR: ServiceMain() Invalid session
20251202-09:18:20.044000 00001668 - ERROR: ServiceMain() Invalid session
20251202-09:18:20.044000 00001678 - ERROR: ServiceMain() Invalid session
20251202-17:58:00.324000 000017D4 - ERROR: ServiceMain() Invalid session
20251203-18:51:31.840000 00001368 - ERROR: ServiceMain() Invalid session
20251204-08:32:00.449000 0000168C - ERROR: ServiceMain() Invalid session
20251204-08:32:00.459000 00001688 - ERROR: ServiceMain() Invalid session
20251204-08:32:00.479000 00001698 - ERROR: ServiceMain() Invalid session
20251204-18:53:35.407000 000011D0 - ERROR: ServiceMain() Invalid session
20251204-18:53:37.019000 000013F8 - ERROR: ServiceMain() Invalid session
20251204-18:53:37.035000 000013FC - ERROR: ServiceMain() Invalid session
20251204-18:53:37.035000 00000990 - ERROR: ServiceMain() Invalid session
20251204-18:53:37.051000 00000994 - ERROR: ServiceMain() Invalid session
20251204-22:36:36.378000 00001624 - ERROR: ServiceMain() Invalid session
20251205-08:31:04.097000 00001478 - ERROR: ServiceMain() Invalid session
20251205-08:31:04.097000 00001484 - ERROR: ServiceMain() Invalid session
20251205-08:31:04.097000 0000147C - ERROR: ServiceMain() Invalid session
20251205-19:58:43.204000 000016A0 - ERROR: ServiceMain() Invalid session
20251206-11:49:41.622000 00001660 - ERROR: ServiceMain() Invalid session
20251207-11:58:47.324000 00001920 - ERROR: ServiceMain() Invalid session
20251208-08:29:34.978000 00001940 - ERROR: ServiceMain() Invalid session
20251209-09:20:48.776000 00001250 - ERROR: ServiceMain() Invalid session
20251209-09:20:48.776000 00001298 - ERROR: ServiceMain() Invalid session
20251209-09:20:48.776000 0000129C - ERROR: ServiceMain() Invalid session
20251209-19:05:35.766000 00001704 - ERROR: ServiceMain() Invalid session
20251209-19:05:35.847000 0000171C - ERROR: ServiceMain() Invalid session
20251209-19:05:35.927000 00001774 - ERROR: ServiceMain() Invalid session
20251210-15:48:42.879000 00001A4C - ERROR: ServiceMain() Invalid session
20251210-15:48:42.863000 00001A44 - ERROR: ServiceMain() Invalid session
20251211-07:33:25.612000 00001914 - ERROR: ServiceMain() Invalid session
20251212-08:59:07.276000 00001914 - ERROR: ServiceMain() Invalid session
20251212-19:51:39.173000 000016C8 - ERROR: ServiceMain() Invalid session
20251212-22:47:10.899000 00001670 - ERROR: ServiceMain() Invalid session
20251212-22:47:10.960000 00001684 - ERROR: ServiceMain() Invalid session
20251212-22:47:10.980000 00001694 - ERROR: ServiceMain() Invalid session
20251212-22:47:11.010000 00001698 - ERROR: ServiceMain() Invalid session
20251212-22:47:11.060000 0000169C - ERROR: ServiceMain() Invalid session
20251213-18:14:14.649000 0000178C - ERROR: ServiceMain() Invalid session
20251214-13:22:00.347000 0000184C - ERROR: ServiceMain() Invalid session
20251214-21:47:05.862000 00001444 - ERROR: ServiceMain() Invalid session
20251214-21:47:05.942000 0000146C - ERROR: ServiceMain() Invalid session
20251214-21:47:05.983000 00001494 - ERROR: ServiceMain() Invalid session
20251214-21:47:05.993000 00001490 - ERROR: ServiceMain() Invalid session
20251214-22:07:39.267000 000016AC - ERROR: ServiceMain() Invalid session
20251214-22:07:39.267000 000016A8 - ERROR: ServiceMain() Invalid session
20251214-22:07:39.267000 000016B4 - ERROR: ServiceMain() Invalid session
20251215-07:44:44.746000 000016D4 - ERROR: ServiceMain() Invalid session
20251215-19:11:21.681000 000017BC - ERROR: ServiceMain() Invalid session
20251216-09:29:42.209000 000015A8 - ERROR: ServiceMain() Invalid session
20251216-09:29:42.249000 000015C0 - ERROR: ServiceMain() Invalid session
20251216-09:29:42.249000 000015B4 - ERROR: ServiceMain() Invalid session
20251216-18:01:27.853000 0000153C - ERROR: ServiceMain() Invalid session
20251216-18:01:27.802000 000014D4 - ERROR: ServiceMain() Invalid session
20251217-08:08:10.511000 000015AC - ERROR: ServiceMain() Invalid session
20251217-08:08:10.501000 000015A4 - ERROR: ServiceMain() Invalid session
20251217-18:48:38.590000 000013B4 - ERROR: ServiceMain() Invalid session
20251217-18:48:38.590000 00001530 - ERROR: ServiceMain() Invalid session
20251218-07:38:45.562000 000019A0 - ERROR: ServiceMain() Invalid session
20251219-08:43:09.405000 00001554 - ERROR: ServiceMain() Invalid session
20251219-08:43:09.443000 00001560 - ERROR: ServiceMain() Invalid session
20251220-12:09:41.128000 00000930 - ERROR: ServiceMain() Invalid session
20251221-13:27:52.758000 000005E4 - ERROR: ServiceMain() Invalid session
20251221-13:27:52.774000 00001808 - ERROR: ServiceMain() Invalid session
20251222-11:53:28.646000 00001884 - ERROR: ServiceMain() Invalid session
20251222-11:53:28.646000 0000188C - ERROR: ServiceMain() Invalid session
20251222-11:53:28.646000 00001890 - ERROR: ServiceMain() Invalid session
20251222-11:53:28.646000 00001888 - ERROR: ServiceMain() Invalid session
20251223-08:58:19.199000 000017C4 - ERROR: ServiceMain() Invalid session
20251223-20:05:17.352000 0000172C - ERROR: ServiceMain() Invalid session
20251223-20:05:17.361000 00001738 - ERROR: ServiceMain() Invalid session
20251224-10:25:05.579000 00001964 - ERROR: ServiceMain() Invalid session
20251224-10:25:05.579000 00001968 - ERROR: ServiceMain() Invalid session
20251224-10:25:05.579000 0000196C - ERROR: ServiceMain() Invalid session
20251225-16:43:00.751000 00001860 - ERROR: ServiceMain() Invalid session
20251226-08:02:34.283000 000019B8 - ERROR: ServiceMain() Invalid session
20251226-19:01:23.222000 000016E8 - ERROR: ServiceMain() Invalid session
20251227-12:14:39.370000 00001B1C - ERROR: ServiceMain() Invalid session
20251227-12:14:39.370000 00001B20 - ERROR: ServiceMain() Invalid session
20251227-22:28:05.819000 000017F8 - ERROR: ServiceMain() Invalid session
20251228-12:19:50.033000 000019FC - ERROR: ServiceMain() Invalid session
20251228-12:55:22.140000 00001648 - ERROR: ServiceMain() Invalid session
20251229-11:54:46.487000 00000DB4 - ERROR: ServiceMain() Invalid session
20251229-11:54:46.527000 00001334 - ERROR: ServiceMain() Invalid session
20251229-11:54:46.527000 00001338 - ERROR: ServiceMain() Invalid session
20251229-11:54:46.536000 000013E8 - ERROR: ServiceMain() Invalid session
20251229-11:54:46.537000 00001374 - ERROR: ServiceMain() Invalid session
20251229-12:22:14.010000 000016F4 - ERROR: ServiceMain() Invalid session
20251229-12:22:14.100000 00001718 - ERROR: ServiceMain() Invalid session
20251229-12:22:14.140000 00001724 - ERROR: ServiceMain() Invalid session
20251229-12:22:14.341000 00001784 - ERROR: ServiceMain() Invalid session
20251229-12:22:14.392000 000017A4 - ERROR: ServiceMain() Invalid session
20251230-16:23:28.941000 000018AC - ERROR: ServiceMain() Invalid session
20251230-16:23:28.941000 000018B8 - ERROR: ServiceMain() Invalid session
20251230-17:05:12.859000 00001604 - ERROR: ServiceMain() Invalid session
20251230-17:05:12.839000 00001610 - ERROR: ServiceMain() Invalid session
20251230-17:19:21.616000 0000166C - ERROR: ServiceMain() Invalid session
20251231-11:04:36.108000 00001880 - ERROR: ServiceMain() Invalid session
20260101-13:29:16.942000 00001854 - ERROR: ServiceMain() Invalid session
20260101-13:29:16.942000 00001860 - ERROR: ServiceMain() Invalid session
20260101-13:29:16.942000 00001864 - ERROR: ServiceMain() Invalid session
20260101-19:02:52.867000 00001530 - ERROR: ServiceMain() Invalid session
20260101-19:02:52.867000 00001540 - ERROR: ServiceMain() Invalid session
20260101-19:02:52.867000 00001538 - ERROR: ServiceMain() Invalid session
20260101-19:02:52.867000 0000153C - ERROR: ServiceMain() Invalid session
20260102-12:53:04.958000 0000159C - ERROR: ServiceMain() Invalid session
20260102-12:53:04.899000 0000158C - ERROR: ServiceMain() Invalid session
20260102-19:25:18.126000 00001534 - ERROR: ServiceMain() Invalid session
20260102-19:35:29.449000 000013D8 - ERROR: ServiceMain() Invalid session
20260102-19:35:29.540000 0000107C - ERROR: ServiceMain() Invalid session
20260102-19:35:29.540000 000011EC - ERROR: ServiceMain() Invalid session
20260102-19:35:29.550000 00001118 - ERROR: ServiceMain() Invalid session
20260102-19:35:29.609000 00001410 - ERROR: ServiceMain() Invalid session
20260102-19:51:40.243000 00001600 - ERROR: ServiceMain() Invalid session
20260103-18:52:55.637000 000016BC - ERROR: ServiceMain() Invalid session
20260103-18:52:55.718000 000016D8 - ERROR: ServiceMain() Invalid session
20260103-19:54:49.385000 00001510 - ERROR: ServiceMain() Invalid session
20260104-14:13:31.802000 00000E88 - ERROR: ServiceMain() Invalid session
20260105-11:57:51.641000 00001524 - ERROR: ServiceMain() Invalid session
20260105-13:22:21.710000 0000151C - ERROR: ServiceMain() Invalid session
20260105-17:05:58.523000 00001690 - ERROR: ServiceMain() Invalid session
20260105-23:36:42.240000 00001370 - ERROR: ServiceMain() Invalid session
20260105-23:36:42.320000 000013E0 - ERROR: ServiceMain() Invalid session
20260106-12:38:20.774000 000015C0 - ERROR: ServiceMain() Invalid session
20260106-15:07:47.325000 000014B0 - ERROR: ServiceMain() Invalid session
20260106-15:07:47.341000 0000117C - ERROR: ServiceMain() Invalid session
20260106-15:07:47.341000 00001180 - ERROR: ServiceMain() Invalid session
20260106-20:10:26.803000 000017DC - ERROR: ServiceMain() Invalid session
20260107-00:26:32.268000 00001678 - ERROR: ServiceMain() Invalid session
20260107-12:45:38.429000 000013EC - ERROR: ServiceMain() Invalid session
20260107-12:45:38.440000 00000FE8 - ERROR: ServiceMain() Invalid session
20260107-17:08:35.092000 000014CC - ERROR: ServiceMain() Invalid session
20260108-12:16:41.586000 0000156C - ERROR: ServiceMain() Invalid session
20260108-19:44:30.480000 0000151C - ERROR: ServiceMain() Invalid session
20260109-11:28:25.524000 0000155C - ERROR: ServiceMain() Invalid session
20260109-16:10:23.790000 0000149C - ERROR: ServiceMain() Invalid session
20260109-16:10:23.911000 000014DC - ERROR: ServiceMain() Invalid session
20260109-19:59:47.332000 00001590 - ERROR: ServiceMain() Invalid session
20260110-12:20:03.303000 00001668 - ERROR: ServiceMain() Invalid session
20260110-17:16:59.735000 000017DC - ERROR: ServiceMain() Invalid session
20260111-13:33:33.904000 00001620 - ERROR: ServiceMain() Invalid session
20260111-17:25:27.500000 00001CB4 - ERROR: ServiceMain() Invalid session
20260111-22:22:19.579000 000007E4 - ERROR: ServiceMain() Invalid session
20260111-22:22:19.579000 00001004 - ERROR: ServiceMain() Invalid session
20260112-08:11:24.477000 00001650 - ERROR: ServiceMain() Invalid session
20260112-08:11:24.477000 00001654 - ERROR: ServiceMain() Invalid session
20260112-08:51:44.060000 00001558 - ERROR: ServiceMain() Invalid session
20260112-09:44:55.917000 000017AC - ERROR: ServiceMain() Invalid session
20260112-12:33:17.777000 00001BBC - ERROR: ServiceMain() Invalid session
20260112-14:51:54.983000 00001504 - ERROR: ServiceMain() Invalid session
20260112-19:40:51.842000 00001554 - ERROR: ServiceMain() Invalid session
20260112-22:39:05.828000 0000166C - ERROR: ServiceMain() Invalid session
20260113-10:43:54.159000 00001578 - ERROR: ServiceMain() Invalid session
20260113-10:43:54.229000 00001594 - ERROR: ServiceMain() Invalid session
20260113-10:43:54.259000 000015A0 - ERROR: ServiceMain() Invalid session
20260113-10:43:54.229000 00001590 - ERROR: ServiceMain() Invalid session
20260113-14:27:19.131000 00001214 - ERROR: ServiceMain() Invalid session
20260113-20:50:28.629000 000014F0 - ERROR: ServiceMain() Invalid session
20260113-20:50:28.689000 000014F8 - ERROR: ServiceMain() Invalid session
20260114-08:53:10.484000 00001168 - ERROR: ServiceMain() Invalid session
20260114-10:32:14.443000 00001558 - ERROR: ServiceMain() Invalid session
20260114-10:32:14.443000 00001564 - ERROR: ServiceMain() Invalid session
20260114-10:35:53.703000 00000EAC - ERROR: ServiceMain() Invalid session
20260114-10:35:53.884000 000014C8 - ERROR: ServiceMain() Invalid session
20260114-10:35:53.904000 000014CC - ERROR: ServiceMain() Invalid session
20260114-10:35:53.904000 000014D0 - ERROR: ServiceMain() Invalid session
20260114-10:35:53.904000 000014D4 - ERROR: ServiceMain() Invalid session
20260115-10:02:13.165000 00001504 - ERROR: ServiceMain() Invalid session
20260115-16:56:51.659000 00001440 - ERROR: ServiceMain() Invalid session
20260115-16:56:51.679000 00001448 - ERROR: ServiceMain() Invalid session
20260115-21:31:47.415000 00001424 - ERROR: ServiceMain() Invalid session
20260116-10:15:57.201000 000014B4 - ERROR: ServiceMain() Invalid session
20260116-10:15:57.181000 000014A8 - ERROR: ServiceMain() Invalid session
20260116-10:15:57.252000 000014D8 - ERROR: ServiceMain() Invalid session
20260116-11:00:56.058000 000013EC - ERROR: ServiceMain() Invalid session
20260116-11:27:44.394000 00001674 - ERROR: ServiceMain() Invalid session
20260116-12:09:37.120000 000014E8 - ERROR: ServiceMain() Invalid session
20260116-13:32:21.401000 000010C0 - ERROR: ServiceMain() Invalid session
20260116-13:32:21.401000 00001318 - ERROR: ServiceMain() Invalid session
20260116-19:00:24.510000 000015C0 - ERROR: ServiceMain() Invalid session
20260116-19:00:24.531000 00001618 - ERROR: ServiceMain() Invalid session
20260116-23:25:35.776000 000015F4 - ERROR: ServiceMain() Invalid session
20260116-23:25:35.776000 00001600 - ERROR: ServiceMain() Invalid session
20260116-23:25:35.792000 00001608 - ERROR: ServiceMain() Invalid session
20260116-23:25:35.807000 0000160C - ERROR: ServiceMain() Invalid session
20260117-16:52:20.611000 000016F0 - ERROR: ServiceMain() Invalid session
20260117-16:52:20.611000 000016EC - ERROR: ServiceMain() Invalid session
20260117-16:52:20.611000 000016F8 - ERROR: ServiceMain() Invalid session
20260117-21:46:28.409000 000015FC - ERROR: ServiceMain() Invalid session
20260118-00:11:16.994000 000015B8 - ERROR: ServiceMain() Invalid session
20260118-13:42:21.089000 00001668 - ERROR: ServiceMain() Invalid session
20260118-13:42:21.119000 00001690 - ERROR: ServiceMain() Invalid session
20260119-08:01:10.683000 00001728 - ERROR: ServiceMain() Invalid session
20260119-09:48:53.587000 00001730 - ERROR: ServiceMain() Invalid session
20260119-09:48:53.587000 0000173C - ERROR: ServiceMain() Invalid session
20260119-09:48:53.587000 00001740 - ERROR: ServiceMain() Invalid session
20260119-12:21:33.299000 000017A4 - ERROR: ServiceMain() Invalid session
20260119-15:57:45.286000 000018C4 - ERROR: ServiceMain() Invalid session
20260119-15:57:45.286000 000018CC - ERROR: ServiceMain() Invalid session
20260119-15:57:45.286000 000018C8 - ERROR: ServiceMain() Invalid session
20260119-22:53:52.831000 000011F0 - ERROR: ServiceMain() Invalid session
20260122-15:12:24.388000 000016B8 - ERROR: ServiceMain() Invalid session
20260123-17:33:24.400000 00001794 - ERROR: ServiceMain() Invalid session
20260123-17:33:24.400000 00001798 - ERROR: ServiceMain() Invalid session
20260123-17:33:24.400000 0000179C - ERROR: ServiceMain() Invalid session
20260125-13:03:12.884000 0000171C - ERROR: ServiceMain() Invalid session
20260126-12:40:36.870000 000018A8 - ERROR: ServiceMain() Invalid session
20260202-17:40:41.182000 00001320 - ERROR: ServiceMain() Invalid session
20260202-20:29:50.868000 0000160C - ERROR: ServiceMain() Invalid session
20260202-20:29:50.868000 00001624 - ERROR: ServiceMain() Invalid session
20260202-22:52:01.370000 000016E0 - ERROR: ServiceMain() Invalid session
20260203-09:21:14.238000 00000AAC - ERROR: ServiceMain() Invalid session
20260204-07:30:28.816000 000011D8 - ERROR: ServiceMain() Invalid session
20260204-07:30:28.816000 00001730 - ERROR: ServiceMain() Invalid session
20260204-07:30:28.832000 0000172C - ERROR: ServiceMain() Invalid session
20260204-07:30:28.832000 000011C8 - ERROR: ServiceMain() Invalid session
20260205-08:59:52.052000 00001A70 - ERROR: ServiceMain() Invalid session
20260206-07:24:12.235000 00000F8C - ERROR: ServiceMain() Invalid session
20260207-11:17:02.603000 000019F8 - ERROR: ServiceMain() Invalid session
20260208-13:21:39.276000 00001900 - ERROR: ServiceMain() Invalid session
20260208-13:21:39.276000 000018F4 - ERROR: ServiceMain() Invalid session
20260208-13:21:39.276000 00001904 - ERROR: ServiceMain() Invalid session
20260209-14:28:24.333000 00000F1C - ERROR: ServiceMain() Invalid session
20260210-15:10:14.460000 00001C04 - ERROR: ServiceMain() Invalid session
20260210-15:10:14.460000 00001C08 - ERROR: ServiceMain() Invalid session
20260211-07:15:53.088000 00001498 - ERROR: ServiceMain() Invalid session
20260211-07:15:53.147000 000014BC - ERROR: ServiceMain() Invalid session
20260211-07:15:53.148000 000014D8 - ERROR: ServiceMain() Invalid session
20260211-07:15:53.198000 00001490 - ERROR: ServiceMain() Invalid session
20260211-17:59:07.735000 000017A0 - ERROR: ServiceMain() Invalid session
20260212-18:04:02.326000 000010AC - ERROR: ServiceMain() Invalid session
20260213-13:45:29.309000 000017CC - ERROR: ServiceMain() Invalid session
20260213-17:52:51.489000 00001670 - ERROR: ServiceMain() Invalid session
20260214-12:16:57.693000 000016E0 - ERROR: ServiceMain() Invalid session
20260215-16:11:45.162000 00000FEC - ERROR: ServiceMain() Invalid session
20260216-17:10:39.922000 00001728 - ERROR: ServiceMain() Invalid session
20260216-17:10:39.922000 0000173C - ERROR: ServiceMain() Invalid session
20260217-18:03:13.059000 000017F8 - ERROR: ServiceMain() Invalid session
20260217-18:03:13.074000 00001428 - ERROR: ServiceMain() Invalid session
20260218-09:55:45.160000 0000170C - ERROR: ServiceMain() Invalid session
20260219-17:51:10.869000 00001728 - ERROR: ServiceMain() Invalid session
20260220-17:51:50.725000 000016B8 - ERROR: ServiceMain() Invalid session
20260220-17:51:50.725000 000016B0 - ERROR: ServiceMain() Invalid session
20260220-17:51:50.725000 000016BC - ERROR: ServiceMain() Invalid session
20260221-12:11:57.179000 00001544 - ERROR: ServiceMain() Invalid session
20260221-12:11:57.179000 0000154C - ERROR: ServiceMain() Invalid session
20260221-12:11:57.179000 00001548 - ERROR: ServiceMain() Invalid session
20260222-11:48:58.814000 00001234 - ERROR: ServiceMain() Invalid session
20260223-11:12:28.495000 00001484 - ERROR: ServiceMain() Invalid session
20260224-16:46:43.027000 00001250 - ERROR: ServiceMain() Invalid session
20260225-15:43:44.434000 00001128 - ERROR: ServiceMain() Invalid session
20260226-16:24:23.396000 000016D8 - ERROR: ServiceMain() Invalid session
20260227-15:46:24.543000 000016B4 - ERROR: ServiceMain() Invalid session
20260228-20:09:56.386000 000015F4 - ERROR: ServiceMain() Invalid session
20260301-12:40:02.201000 000015E0 - ERROR: ServiceMain() Invalid session
20260302-12:22:52.366000 00001588 - ERROR: ServiceMain() Invalid session
20260303-15:37:37.997000 00000EB4 - ERROR: ServiceMain() Invalid session
20260303-20:59:34.174000 000013A0 - ERROR: ServiceMain() Invalid session
20260303-20:59:35.797000 0000177C - ERROR: ServiceMain() Invalid session
20260303-20:59:35.797000 00001784 - ERROR: ServiceMain() Invalid session
20260303-20:59:35.813000 0000178C - ERROR: ServiceMain() Invalid session
20260303-21:10:35.946000 00001444 - ERROR: ServiceMain() Invalid session
20260303-21:10:35.956000 00001450 - ERROR: ServiceMain() Invalid session
20260303-21:10:35.986000 0000147C - ERROR: ServiceMain() Invalid session
20260303-21:10:35.956000 00001460 - ERROR: ServiceMain() Invalid session
20260304-12:12:13.472000 00001358 - ERROR: ServiceMain() Invalid session
20260305-00:02:36.418000 000016F4 - ERROR: ServiceMain() Invalid session
20260305-00:02:36.418000 000016F8 - ERROR: ServiceMain() Invalid session
20260305-00:02:36.434000 000016FC - ERROR: ServiceMain() Invalid session
20260305-14:14:50.258000 00001784 - ERROR: ServiceMain() Invalid session
20260306-11:22:34.152000 00001548 - ERROR: ServiceMain() Invalid session
20260307-14:57:17.265000 0000176C - ERROR: ServiceMain() Invalid session
20260308-13:37:28.793000 00001768 - ERROR: ServiceMain() Invalid session
20260309-13:23:50.385000 00001438 - ERROR: ServiceMain() Invalid session
20260310-16:46:39.929000 000017D4 - ERROR: ServiceMain() Invalid session
20260310-16:46:39.939000 000017E0 - ERROR: ServiceMain() Invalid session
20260311-08:33:17.358000 00001650 - ERROR: ServiceMain() Invalid session
20260311-23:07:19.079000 00001714 - ERROR: ServiceMain() Invalid session
20260312-16:44:04.773000 000014E8 - ERROR: ServiceMain() Invalid session
20260313-18:12:50.655000 000014E0 - ERROR: ServiceMain() Invalid session
20260313-18:12:50.655000 000014E4 - ERROR: ServiceMain() Invalid session
20260314-16:46:49.187000 00001788 - ERROR: ServiceMain() Invalid session
20260315-12:14:58.229000 0000143C - ERROR: ServiceMain() Invalid session
20260316-18:11:10.100000 0000176C - ERROR: ServiceMain() Invalid session
20260316-18:11:10.100000 00001770 - ERROR: ServiceMain() Invalid session
20260316-18:11:10.116000 00001774 - ERROR: ServiceMain() Invalid session
20260317-16:50:22.121000 00001420 - ERROR: ServiceMain() Invalid session
20260317-16:50:22.143000 00001408 - ERROR: ServiceMain() Invalid session
20260317-16:50:22.174000 0000113C - ERROR: ServiceMain() Invalid session
20260317-16:50:22.206000 000012D8 - ERROR: ServiceMain() Invalid session
20260318-09:16:50.351000 00001754 - ERROR: ServiceMain() Invalid session
20260319-18:43:45.248000 000014D4 - ERROR: ServiceMain() Invalid session
20260320-12:20:04.158000 00001558 - ERROR: ServiceMain() Invalid session
20260321-11:38:10.624000 000016E8 - ERROR: ServiceMain() Invalid session
20260322-13:40:17.397000 0000132C - ERROR: ServiceMain() Invalid session
20260323-08:09:25.541000 00001700 - ERROR: ServiceMain() Invalid session
20260323-17:11:44.870000 000013B8 - ERROR: ServiceMain() Invalid session
20260324-17:32:55.637000 00001858 - ERROR: ServiceMain() Invalid session
20260324-17:32:55.637000 00001860 - ERROR: ServiceMain() Invalid session
20260324-17:32:55.637000 00001864 - ERROR: ServiceMain() Invalid session
20260325-10:14:49.769000 000018C4 - ERROR: ServiceMain() Invalid session
20260326-19:16:20.101000 000017A8 - ERROR: ServiceMain() Invalid session
20260326-19:16:20.101000 000017B0 - ERROR: ServiceMain() Invalid session
20260327-17:47:17.976000 0000177C - ERROR: ServiceMain() Invalid session
20260327-17:47:17.976000 00001784 - ERROR: ServiceMain() Invalid session
20260327-17:47:17.976000 00001788 - ERROR: ServiceMain() Invalid session
20260327-17:54:22.718000 00001694 - ERROR: ServiceMain() Invalid session
20260328-13:26:48.694000 00001530 - ERROR: ServiceMain() Invalid session
20260329-11:58:46.563000 000015C4 - ERROR: ServiceMain() Invalid session
20260329-19:41:59.421000 00001870 - ERROR: ServiceMain() Invalid session
20260329-22:45:24.979000 000015E0 - ERROR: ServiceMain() Invalid session
20260330-09:20:19.969000 000017D0 - ERROR: ServiceMain() Invalid session
20260330-09:20:19.969000 000017DC - ERROR: ServiceMain() Invalid session
20260331-17:11:40.099000 000014C0 - ERROR: ServiceMain() Invalid session
20260401-07:36:04.134000 00001878 - ERROR: ServiceMain() Invalid session
20260402-19:29:05.902000 00001764 - ERROR: ServiceMain() Invalid session
20260402-19:29:05.917000 00001768 - ERROR: ServiceMain() Invalid session
20260402-19:29:05.917000 00001774 - ERROR: ServiceMain() Invalid session
20260402-19:29:05.917000 00001778 - ERROR: ServiceMain() Invalid session
20260403-13:49:01.711000 00001714 - ERROR: ServiceMain() Invalid session
20260404-11:37:29.529000 000017D0 - ERROR: ServiceMain() Invalid session
20260405-12:10:21.953000 00001874 - ERROR: ServiceMain() Invalid session
20260405-12:10:21.953000 00001870 - ERROR: ServiceMain() Invalid session
20260406-09:53:49.563000 000012EC - ERROR: ServiceMain() Invalid session
20260407-17:49:01.113000 00001770 - ERROR: ServiceMain() Invalid session
20260408-07:47:07.224000 000017C8 - ERROR: ServiceMain() Invalid session
20260409-17:43:10.547000 000017D4 - ERROR: ServiceMain() Invalid session
20260410-16:40:04.603000 00001708 - ERROR: ServiceMain() Invalid session
20260411-10:53:05.388000 0000158C - ERROR: ServiceMain() Invalid session
20260411-18:15:10.902000 00001700 - ERROR: ServiceMain() Invalid session
20260412-14:12:56.168000 000017F0 - ERROR: ServiceMain() Invalid session
20260412-14:12:56.168000 000017FC - ERROR: ServiceMain() Invalid session
20260413-13:42:47.566000 000017DC - ERROR: ServiceMain() Invalid session
20260414-16:56:09.901000 00000804 - ERROR: ServiceMain() Invalid session
20260414-16:56:09.901000 000015D4 - ERROR: ServiceMain() Invalid session
20260414-16:56:09.901000 00000FA8 - ERROR: ServiceMain() Invalid session
20260414-16:56:09.901000 00000FC4 - ERROR: ServiceMain() Invalid session
20260415-08:01:56.636000 000016F0 - ERROR: ServiceMain() Invalid session
20260416-15:04:59.240000 0000169C - ERROR: ServiceMain() Invalid session
20260417-18:21:32.433000 0000155C - ERROR: ServiceMain() Invalid session
20260418-14:16:29.840000 0000147C - ERROR: ServiceMain() Invalid session
20260419-11:07:34.718000 000016E0 - ERROR: ServiceMain() Invalid session
20260419-11:07:34.718000 000016E4 - ERROR: ServiceMain() Invalid session
20260419-11:07:34.718000 000016EC - ERROR: ServiceMain() Invalid session
20260419-11:07:34.718000 000016F0 - ERROR: ServiceMain() Invalid session
20260420-08:31:16.631000 000018C0 - ERROR: ServiceMain() Invalid session
20260420-08:31:16.631000 000018D0 - ERROR: ServiceMain() Invalid session
20260420-08:31:16.631000 000018CC - ERROR: ServiceMain() Invalid session
20260420-08:31:16.631000 000018C8 - ERROR: ServiceMain() Invalid session
20260420-15:30:07.573000 00001140 - ERROR: ServiceMain() Invalid session
20260420-15:30:07.573000 000011E0 - ERROR: ServiceMain() Invalid session
20260420-15:30:07.573000 00001170 - ERROR: ServiceMain() Invalid session
20260421-17:41:25.750000 0000168C - ERROR: ServiceMain() Invalid session
20260421-17:41:25.750000 00001684 - ERROR: ServiceMain() Invalid session
20260422-08:16:30.160000 000014A8 - ERROR: ServiceMain() Invalid session
20260423-17:56:14.651000 00001798 - ERROR: ServiceMain() Invalid session
20260424-13:58:02.924000 000015D0 - ERROR: ServiceMain() Invalid session
20260425-11:21:49.707000 00001748 - ERROR: ServiceMain() Invalid session
20260426-10:34:19.100000 000015E4 - ERROR: ServiceMain() Invalid session
20260427-16:59:42.648000 00001648 - ERROR: ServiceMain() Invalid session
20260428-18:33:17.336000 00001488 - ERROR: ServiceMain() Invalid session
20260429-08:50:11.707000 000017B4 - ERROR: ServiceMain() Invalid session
20260429-08:50:11.707000 000017BC - ERROR: ServiceMain() Invalid session
20260430-15:30:50.656000 00001694 - ERROR: ServiceMain() Invalid session
20260501-11:34:45.897000 00001624 - ERROR: ServiceMain() Invalid session
20260502-11:00:10.834000 000017B8 - ERROR: ServiceMain() Invalid session
20260503-13:36:47.869000 000016A4 - ERROR: ServiceMain() Invalid session
20260503-13:36:47.869000 000016A8 - ERROR: ServiceMain() Invalid session
20260504-18:05:44.716000 0000140C - ERROR: ServiceMain() Invalid session
20260504-18:05:44.716000 00001408 - ERROR: ServiceMain() Invalid session
20260504-18:05:44.817000 00001508 - ERROR: ServiceMain() Invalid session
20260505-15:15:26.566000 000012F8 - ERROR: ServiceMain() Invalid session
20260505-15:15:26.566000 00001314 - ERROR: ServiceMain() Invalid session
20260506-10:03:29.510000 0000149C - ERROR: ServiceMain() Invalid session
20260507-09:09:10.348000 00001574 - ERROR: ServiceMain() Invalid session
20260508-13:26:57.914000 000012B4 - ERROR: ServiceMain() Invalid session
20260509-11:36:04.214000 0000165C - ERROR: ServiceMain() Invalid session
20260509-11:36:04.229000 0000166C - ERROR: ServiceMain() Invalid session
20260510-14:44:36.006000 00000330 - ERROR: ServiceMain() Invalid session
20260511-12:48:07.387000 000017D0 - ERROR: ServiceMain() Invalid session
20260511-17:31:16.975000 000014C4 - ERROR: ServiceMain() Invalid session
20260511-17:31:16.985000 000014C8 - ERROR: ServiceMain() Invalid session
20260511-17:31:16.985000 000014CC - ERROR: ServiceMain() Invalid session
20260511-17:31:16.985000 000014D0 - ERROR: ServiceMain() Invalid session
20260512-17:56:56.215000 00001768 - ERROR: ServiceMain() Invalid session
20260513-09:01:04.183000 000018B8 - ERROR: ServiceMain() Invalid session
20260513-09:01:04.183000 000018BC - ERROR: ServiceMain() Invalid session
20260513-09:01:04.183000 000018C0 - ERROR: ServiceMain() Invalid session
20260513-09:01:04.183000 000018C4 - ERROR: ServiceMain() Invalid session
20260514-12:08:16.083000 000017DC - ERROR: ServiceMain() Invalid session
20260514-12:08:16.083000 000017E0 - ERROR: ServiceMain() Invalid session
20260514-12:08:16.083000 000017E4 - ERROR: ServiceMain() Invalid session
20260515-11:35:58.962000 00001774 - ERROR: ServiceMain() Invalid session
20260516-14:28:24.339000 00001164 - ERROR: ServiceMain() Invalid session
20260516-14:28:24.339000 00001208 - ERROR: ServiceMain() Invalid session
20260516-14:28:24.355000 0000102C - ERROR: ServiceMain() Invalid session
20260517-17:38:40.171000 00001914 - ERROR: ServiceMain() Invalid session
20260517-17:38:40.181000 00001918 - ERROR: ServiceMain() Invalid session
20260517-17:38:40.181000 0000191C - ERROR: ServiceMain() Invalid session
20260518-15:03:56.122000 000018E8 - ERROR: ServiceMain() Invalid session
20260519-14:06:28.186000 00001964 - ERROR: ServiceMain() Invalid session
20260520-08:17:00.902000 0000142C - ERROR: ServiceMain() Invalid session
20260521-08:03:42.767000 00001710 - ERROR: ServiceMain() Invalid session
20260521-08:03:42.751000 0000170C - ERROR: ServiceMain() Invalid session
20260522-18:00:29.649000 0000159C - ERROR: ServiceMain() Invalid session
20260522-18:00:29.649000 000015A0 - ERROR: ServiceMain() Invalid session
20260523-09:58:59.568000 00000828 - ERROR: ServiceMain() Invalid session
20260523-09:58:59.568000 00000BD0 - ERROR: ServiceMain() Invalid session
20260523-09:58:59.568000 00001498 - ERROR: ServiceMain() Invalid session
20260523-20:19:38.600000 00001914 - ERROR: ServiceMain() Invalid session
20260524-11:40:52.760000 000017D4 - ERROR: ServiceMain() Invalid session
20260525-08:19:53.346000 00001A34 - ERROR: ServiceMain() Invalid session
20260526-06:32:31.721000 000017A8 - ERROR: ServiceMain() Invalid session
20260526-15:29:58.319000 000017FC - ERROR: ServiceMain() Invalid session
20260526-15:29:58.335000 00001310 - ERROR: ServiceMain() Invalid session
20260526-15:29:58.335000 000008D8 - ERROR: ServiceMain() Invalid session
20260528-11:40:46.785000 000016A8 - ERROR: ServiceMain() Invalid session
20260528-11:40:46.770000 000016A0 - ERROR: ServiceMain() Invalid session
20260528-21:53:34.351000 00001868 - ERROR: ServiceMain() Invalid session
20260528-21:53:34.351000 00001860 - ERROR: ServiceMain() Invalid session
20260529-11:33:49.227000 000017C0 - ERROR: ServiceMain() Invalid session
20260529-11:33:49.227000 000017BC - ERROR: ServiceMain() Invalid session
20260530-07:40:15.747000 00001828 - ERROR: ServiceMain() Invalid session
20260531-15:55:49.930000 000018E0 - ERROR: ServiceMain() Invalid session
